Component: ARM Compiler 5.06 (build 20) Tool: armlink [4d35a3]

==============================================================================

Section Cross References

    lab04.o(MyCode) refers to lab04.o(.ARM.__at_0x4000) for InitData
    lab04.o(MyCode) refers to lab04.o(MyData) for P
    lab04.o(.ARM.__at_0x4000) refers to lab04.o(MyData) for P
    lab04.o(RESET) refers to lab04.o(.ARM.__at_0x1FFFE000) for __initial_sp
    lab04.o(RESET) refers to lab04.o(MyCode) for Reset_Handler


==============================================================================

Removing Unused input sections from the image.

    Removing lab04.o(MyConst), (0 bytes).

1 unused section(s) (total 0 bytes) removed from the image.

==============================================================================

Image Symbol Table

    Local Symbols

    Symbol Name                              Value     Ov Type        Size  Object(Section)

    RESET                                    0x00000000   Section      192  lab04.o(RESET)
    lab04.s                                  0x00000000   Number         0  lab04.o ABSOLUTE
    MyCode                                   0x000000c0   Section      116  lab04.o(MyCode)
    .ARM.__at_0x4000                         0x00004000   Section      420  lab04.o(.ARM.__at_0x4000)
    InitData                                 0x00004001   Thumb Code     4  lab04.o(.ARM.__at_0x4000)
    LoadData                                 0x00004007   Thumb Code     4  lab04.o(.ARM.__at_0x4000)
    TestData                                 0x0000402d   Thumb Code     4  lab04.o(.ARM.__at_0x4000)
    .ARM.__at_0x1FFFE000                     0x1fffe000   Section      256  lab04.o(.ARM.__at_0x1FFFE000)
    MyData                                   0x1fffe100   Section      208  lab04.o(MyData)
    P                                        0x1fffe100   Data           4  lab04.o(MyData)
    Q                                        0x1fffe104   Data           4  lab04.o(MyData)
    Results                                  0x1fffe108   Data         200  lab04.o(MyData)

    Global Symbols

    Symbol Name                              Value     Ov Type        Size  Object(Section)

    BuildAttributes$$THM_ISAv3M$S$PE$A:L22$X:L11$S22$IEEE1$IW$USESV6$~STKCKD$USESV7$~SHL$OSPACE$EBA8$STANDARDLIB$EABIv2 0x00000000   Number         0  anon$$obj.o ABSOLUTE
    __Vectors                                0x00000000   Data           0  lab04.o(RESET)
    Reset_Handler                            0x000000c1   Thumb Code     0  lab04.o(MyCode)
    __Vectors_End                            0x000000c0   Data           0  lab04.o(RESET)
    __Vectors_Size                           0x000000c0   Number         0  lab04.o ABSOLUTE
    __initial_sp                             0x1fffe100   Data           0  lab04.o(.ARM.__at_0x1FFFE000)



==============================================================================

Memory Map of the image

  Image Entry point : 0x000000c1

  Load Region LR_1 (Base: 0x00000000, Size: 0x00000304, Max: 0xffffffff, ABSOLUTE)

    Execution Region ER_RO (Base: 0x00000000, Size: 0x00000134, Max: 0xffffffff, ABSOLUTE)

    Base Addr    Size         Type   Attr      Idx    E Section Name        Object

    0x00000000   0x000000c0   Data   RO            3    RESET               lab04.o
    0x000000c0   0x00000074   Code   RO            1  * MyCode              lab04.o


    Execution Region ER_RW (Base: 0x1fffe000, Size: 0x000001d0, Max: 0xffffffff, ABSOLUTE)

    Base Addr    Size         Type   Attr      Idx    E Section Name        Object

    0x1fffe000   0x00000100   Data   RW            5    .ARM.__at_0x1FFFE000  lab04.o
    0x1fffe100   0x000000d0   Data   RW            6    MyData              lab04.o


    Execution Region ER_ZI (Base: 0x1fffe1d0, Size: 0x00000000, Max: 0xffffffff, ABSOLUTE)

    **** No section assigned to this execution region ****



  Load Region LR$$.ARM.__at_0x4000 (Base: 0x00004000, Size: 0x000001a4, Max: 0x000001a4, ABSOLUTE)

    Execution Region ER$$.ARM.__at_0x4000 (Base: 0x00004000, Size: 0x000001a4, Max: 0x000001a4, ABSOLUTE, UNINIT)

    Base Addr    Size         Type   Attr      Idx    E Section Name        Object

    0x00004000   0x000001a4   Code   RO            2    .ARM.__at_0x4000    lab04.o


==============================================================================

Image component sizes


      Code (inc. data)   RO Data    RW Data    ZI Data      Debug   Object Name

       536        346        192        464          0        524   lab04.o

    ----------------------------------------------------------------------
       536        346        192        464          0        524   Object Totals
         0          0          0          0          0          0   (incl. Generated)
         0          0          0          0          0          0   (incl. Padding)

    ----------------------------------------------------------------------
         0          0          0          0          0          0   Library Totals
         0          0          0          0          0          0   (incl. Padding)

    ----------------------------------------------------------------------

==============================================================================


      Code (inc. data)   RO Data    RW Data    ZI Data      Debug   

       536        346        192        464          0        524   Grand Totals
       536        346        192        464          0        524   ELF Image Totals
       536        346        192        464          0          0   ROM Totals

==============================================================================

    Total RO  Size (Code + RO Data)                  728 (   0.71kB)
    Total RW  Size (RW Data + ZI Data)               464 (   0.45kB)
    Total ROM Size (Code + RO Data + RW Data)       1192 (   1.16kB)

==============================================================================

