Component: ARM Compiler 5.05 update 2 (build 169) Tool: armlink [4d0f33]

==============================================================================

Section Cross References

    lab09.o(MyCode) refers to start.o(Start) for Startup
    lab09.o(MyCode) refers to lab09.o(MyData) for QBuffer
    lab09.o(MyCode) refers to lab09.o(MyConst) for PromptStr
    lab09.o(RESET) refers to start.o(.ARM.__at_0x1FFFE000) for __initial_sp
    lab09.o(RESET) refers to lab09.o(MyCode) for Reset_Handler
    lab09.o(RESET) refers to start.o(Start) for Dummy_Handler


==============================================================================

Image Symbol Table

    Local Symbols

    Symbol Name                              Value     Ov Type        Size  Object(Section)

    RESET                                    0x00000000   Section      192  lab09.o(RESET)
    MKL46Z4.s                                0x00000000   Number         0  mkl46z4.o ABSOLUTE
    lab09.s                                  0x00000000   Number         0  lab09.o ABSOLUTE
    start.s                                  0x00000000   Number         0  start.o ABSOLUTE
    .ARM.__at_0xC0                           0x000000c0   Section       64  start.o(.ARM.__at_0xC0)
    Start                                    0x00000100   Section      260  start.o(Start)
    MyConst                                  0x00000204   Section      172  lab09.o(MyConst)
    PromptStr                                0x00000204   Data          38  lab09.o(MyConst)
    EnqueueStr                               0x0000022a   Data          22  lab09.o(MyConst)
    FailureStr                               0x00000240   Data           9  lab09.o(MyConst)
    SuccessStr                               0x00000249   Data           9  lab09.o(MyConst)
    HelpStr                                  0x00000252   Data          58  lab09.o(MyConst)
    StatusStr                                0x0000028c   Data           8  lab09.o(MyConst)
    InStr                                    0x00000294   Data           9  lab09.o(MyConst)
    OutStr                                   0x0000029d   Data          10  lab09.o(MyConst)
    NumStr                                   0x000002a7   Data           8  lab09.o(MyConst)
    .ARM.__at_0x400                          0x00000400   Section       16  start.o(.ARM.__at_0x400)
    MyCode                                   0x00000410   Section     1220  lab09.o(MyCode)
    UART0_ISR                                0x0000076d   Thumb Code     0  lab09.o(MyCode)
    .ARM.__at_0x1FFFE000                     0x1fffe000   Section      256  start.o(.ARM.__at_0x1FFFE000)
    MyData                                   0x1fffe100   Section      222  lab09.o(MyData)
    QBuffer                                  0x1fffe100   Data           4  lab09.o(MyData)
    QRecord                                  0x1fffe104   Data          18  lab09.o(MyData)
    TxQBuffer                                0x1fffe116   Data          80  lab09.o(MyData)
    TxQRecord                                0x1fffe168   Data          18  lab09.o(MyData)
    RxQBuffer                                0x1fffe17a   Data          80  lab09.o(MyData)
    RxQRecord                                0x1fffe1cc   Data          18  lab09.o(MyData)

    Global Symbols

    Symbol Name                              Value     Ov Type        Size  Object(Section)

    BuildAttributes$$THM_ISAv3M$S$PE$A:L22$X:L11$S22$IEEE1$IW$USESV6$~STKCKD$USESV7$~SHL$OSPACE$EBA8$STANDARDLIB$EABIv2 0x00000000   Number         0  anon$$obj.o ABSOLUTE
    __Vectors                                0x00000000   Data           0  lab09.o(RESET)
    __Vectors_End                            0x000000c0   Data           0  lab09.o(RESET)
    __Vectors_Size                           0x000000c0   Number         0  lab09.o ABSOLUTE
    Startup                                  0x00000101   Thumb Code     0  start.o(Start)
    Dummy_Handler                            0x000001e1   Thumb Code     0  start.o(Start)
    Reset_Handler                            0x00000411   Thumb Code     0  lab09.o(MyCode)
    __initial_sp                             0x1fffe100   Data           0  start.o(.ARM.__at_0x1FFFE000)



==============================================================================

Memory Map of the image

  Image Entry point : 0x00000411

  Load Region LR_1 (Base: 0x00000000, Size: 0x00000ab4, Max: 0xffffffff, ABSOLUTE)

    Execution Region ER_RO (Base: 0x00000000, Size: 0x000008d4, Max: 0xffffffff, ABSOLUTE)

    Base Addr    Size         Type   Attr      Idx    E Section Name        Object

    0x00000000   0x000000c0   Data   RO            2    RESET               lab09.o
    0x000000c0   0x00000040   Data   RO           10    .ARM.__at_0xC0      start.o
    0x00000100   0x00000104   Code   RO            9    Start               start.o
    0x00000204   0x000000ac   Data   RO            3    MyConst             lab09.o
    0x000002b0   0x00000150   PAD
    0x00000400   0x00000010   Code   RO           11    .ARM.__at_0x400     start.o
    0x00000410   0x000004c4   Code   RO            1  * MyCode              lab09.o


    Execution Region ER_RW (Base: 0x1fffe000, Size: 0x000001e0, Max: 0xffffffff, ABSOLUTE)

    Base Addr    Size         Type   Attr      Idx    E Section Name        Object

    0x1fffe000   0x00000100   Data   RW           12    .ARM.__at_0x1FFFE000  start.o
    0x1fffe100   0x000000de   Data   RW            4    MyData              lab09.o


    Execution Region ER_ZI (Base: 0x1fffe1e0, Size: 0x00000000, Max: 0xffffffff, ABSOLUTE)

    **** No section assigned to this execution region ****


==============================================================================

Image component sizes


      Code (inc. data)   RO Data    RW Data    ZI Data      Debug   Object Name

      1220        170        364        222          0        768   lab09.o
       276         50         64        256          0        540   start.o

    ----------------------------------------------------------------------
      1496        220        764        480          0       1308   Object Totals
         0          0          0          0          0          0   (incl. Generated)
         0          0        336          2          0          0   (incl. Padding)

    ----------------------------------------------------------------------
         0          0          0          0          0          0   Library Totals
         0          0          0          0          0          0   (incl. Padding)

    ----------------------------------------------------------------------

==============================================================================


      Code (inc. data)   RO Data    RW Data    ZI Data      Debug   

      1496        220        764        480          0       1308   Grand Totals
      1496        220        764        480          0       1308   ELF Image Totals
      1496        220        764        480          0          0   ROM Totals

==============================================================================

    Total RO  Size (Code + RO Data)                 2260 (   2.21kB)
    Total RW  Size (RW Data + ZI Data)               480 (   0.47kB)
    Total ROM Size (Code + RO Data + RW Data)       2740 (   2.68kB)

==============================================================================

