Component: ARM Compiler 5.06 (build 20) Tool: armlink [4d35a3]

==============================================================================

Section Cross References

    lab02.o(RESET) refers to lab02.o(.ARM.__at_0x1FFFE000) for __initial_sp
    lab02.o(RESET) refers to lab02.o(MyCode) for Reset_Handler


==============================================================================

Removing Unused input sections from the image.

    Removing lab02.o(MyConst), (0 bytes).
    Removing lab02.o(MyData), (0 bytes).

2 unused section(s) (total 0 bytes) removed from the image.

==============================================================================

Image Symbol Table

    Local Symbols

    Symbol Name                              Value     Ov Type        Size  Object(Section)

    RESET                                    0x00000000   Section      192  lab02.o(RESET)
    lab02.s                                  0x00000000   Number         0  lab02.o ABSOLUTE
    MyCode                                   0x000000c0   Section       32  lab02.o(MyCode)
    .ARM.__at_0x1FFFE000                     0x1fffe000   Section      256  lab02.o(.ARM.__at_0x1FFFE000)

    Global Symbols

    Symbol Name                              Value     Ov Type        Size  Object(Section)

    BuildAttributes$$THM_ISAv3M$S$PE$A:L22$X:L11$S22$IEEE1$IW$USESV6$~STKCKD$USESV7$~SHL$OSPACE$EBA8$STANDARDLIB$PRES8$EABIv2 0x00000000   Number         0  anon$$obj.o ABSOLUTE
    __Vectors                                0x00000000   Data           0  lab02.o(RESET)
    Reset_Handler                            0x000000c1   Thumb Code     0  lab02.o(MyCode)
    __Vectors_End                            0x000000c0   Data           0  lab02.o(RESET)
    __Vectors_Size                           0x000000c0   Number         0  lab02.o ABSOLUTE
    __initial_sp                             0x1fffe100   Data           0  lab02.o(.ARM.__at_0x1FFFE000)



==============================================================================

Memory Map of the image

  Image Entry point : 0x000000c1

  Load Region LR_1 (Base: 0x00000000, Size: 0x000001e0, Max: 0xffffffff, ABSOLUTE)

    Execution Region ER_RO (Base: 0x00000000, Size: 0x000000e0, Max: 0xffffffff, ABSOLUTE)

    Base Addr    Size         Type   Attr      Idx    E Section Name        Object

    0x00000000   0x000000c0   Data   RO            2    RESET               lab02.o
    0x000000c0   0x00000020   Code   RO            1  * MyCode              lab02.o


    Execution Region ER_RW (Base: 0x1fffe000, Size: 0x00000100, Max: 0xffffffff, ABSOLUTE)

    Base Addr    Size         Type   Attr      Idx    E Section Name        Object

    0x1fffe000   0x00000100   Data   RW            4    .ARM.__at_0x1FFFE000  lab02.o


    Execution Region ER_ZI (Base: 0x1fffe100, Size: 0x00000000, Max: 0xffffffff, ABSOLUTE)

    **** No section assigned to this execution region ****


==============================================================================

Image component sizes


      Code (inc. data)   RO Data    RW Data    ZI Data      Debug   Object Name

        32          0        192        256          0        260   lab02.o

    ----------------------------------------------------------------------
        32          0        192        256          0        260   Object Totals
         0          0          0          0          0          0   (incl. Generated)
         0          0          0          0          0          0   (incl. Padding)

    ----------------------------------------------------------------------
         0          0          0          0          0          0   Library Totals
         0          0          0          0          0          0   (incl. Padding)

    ----------------------------------------------------------------------

==============================================================================


      Code (inc. data)   RO Data    RW Data    ZI Data      Debug   

        32          0        192        256          0        260   Grand Totals
        32          0        192        256          0        260   ELF Image Totals
        32          0        192        256          0          0   ROM Totals

==============================================================================

    Total RO  Size (Code + RO Data)                  224 (   0.22kB)
    Total RW  Size (RW Data + ZI Data)               256 (   0.25kB)
    Total ROM Size (Code + RO Data + RW Data)        480 (   0.47kB)

==============================================================================

