Component: ARM Compiler 5.06 (build 20) Tool: armlink [4d35a3]

==============================================================================

Section Cross References

    lab10.o(MyCode) refers to start.o(Start) for Startup
    lab10.o(MyCode) refers to lab10.o(MyData) for RunStopWatch
    lab10.o(MyCode) refers to lab10.o(MyConst) for AccessStr
    lab10.o(RESET) refers to start.o(.ARM.__at_0x1FFFE000) for __initial_sp
    lab10.o(RESET) refers to lab10.o(MyCode) for Reset_Handler
    lab10.o(RESET) refers to start.o(Start) for Dummy_Handler


==============================================================================

Image Symbol Table

    Local Symbols

    Symbol Name                              Value     Ov Type        Size  Object(Section)

    RESET                                    0x00000000   Section      192  lab10.o(RESET)
    MKL46Z4.s                                0x00000000   Number         0  mkl46z4.o ABSOLUTE
    lab10.s                                  0x00000000   Number         0  lab10.o ABSOLUTE
    start.s                                  0x00000000   Number         0  start.o ABSOLUTE
    .ARM.__at_0xC0                           0x000000c0   Section       64  start.o(.ARM.__at_0xC0)
    Start                                    0x00000100   Section      260  start.o(Start)
    MyConst                                  0x00000204   Section       96  lab10.o(MyConst)
    AccessStr                                0x00000204   Data          23  lab10.o(MyConst)
    FactorStr                                0x0000021b   Data          10  lab10.o(MyConst)
    GrantedStr                               0x00000225   Data          15  lab10.o(MyConst)
    DeniedStr                                0x00000234   Data          14  lab10.o(MyConst)
    SuccessStr                               0x00000242   Data          19  lab10.o(MyConst)
    CodeStr                                  0x00000255   Data           9  lab10.o(MyConst)
    Five                                     0x00000260   Data           4  lab10.o(MyConst)
    .ARM.__at_0x400                          0x00000400   Section       16  start.o(.ARM.__at_0x400)
    MyCode                                   0x00000410   Section     1268  lab10.o(MyCode)
    UART0_ISR                                0x0000070d   Thumb Code     0  lab10.o(MyCode)
    PIT_ISR                                  0x00000781   Thumb Code     0  lab10.o(MyCode)
    .ARM.__at_0x1FFFE000                     0x1fffe000   Section      256  start.o(.ARM.__at_0x1FFFE000)
    MyData                                   0x1fffe100   Section      285  lab10.o(MyData)
    RunStopWatch                             0x1fffe100   Data           1  lab10.o(MyData)
    Count                                    0x1fffe104   Data           4  lab10.o(MyData)
    TxQBuffer                                0x1fffe108   Data          80  lab10.o(MyData)
    TxQRecord                                0x1fffe158   Data          18  lab10.o(MyData)
    RxQBuffer                                0x1fffe16a   Data          80  lab10.o(MyData)
    RxQRecord                                0x1fffe1bc   Data          18  lab10.o(MyData)
    String                                   0x1fffe1ce   Data          79  lab10.o(MyData)

    Global Symbols

    Symbol Name                              Value     Ov Type        Size  Object(Section)

    BuildAttributes$$THM_ISAv3M$S$PE$A:L22$X:L11$S22$IEEE1$IW$USESV6$~STKCKD$USESV7$~SHL$OSPACE$EBA8$STANDARDLIB$EABIv2 0x00000000   Number         0  anon$$obj.o ABSOLUTE
    __Vectors                                0x00000000   Data           0  lab10.o(RESET)
    __Vectors_End                            0x000000c0   Data           0  lab10.o(RESET)
    __Vectors_Size                           0x000000c0   Number         0  lab10.o ABSOLUTE
    Startup                                  0x00000101   Thumb Code     0  start.o(Start)
    Dummy_Handler                            0x000001e1   Thumb Code     0  start.o(Start)
    Reset_Handler                            0x00000411   Thumb Code     0  lab10.o(MyCode)
    __initial_sp                             0x1fffe100   Data           0  start.o(.ARM.__at_0x1FFFE000)



==============================================================================

Memory Map of the image

  Image Entry point : 0x00000411

  Load Region LR_1 (Base: 0x00000000, Size: 0x00000b24, Max: 0xffffffff, ABSOLUTE)

    Execution Region ER_RO (Base: 0x00000000, Size: 0x00000904, Max: 0xffffffff, ABSOLUTE)

    Base Addr    Size         Type   Attr      Idx    E Section Name        Object

    0x00000000   0x000000c0   Data   RO           12    RESET               lab10.o
    0x000000c0   0x00000040   Data   RO            2    .ARM.__at_0xC0      start.o
    0x00000100   0x00000104   Code   RO            1    Start               start.o
    0x00000204   0x00000060   Data   RO           13    MyConst             lab10.o
    0x00000264   0x0000019c   PAD
    0x00000400   0x00000010   Code   RO            3    .ARM.__at_0x400     start.o
    0x00000410   0x000004f4   Code   RO           11  * MyCode              lab10.o


    Execution Region ER_RW (Base: 0x1fffe000, Size: 0x00000220, Max: 0xffffffff, ABSOLUTE)

    Base Addr    Size         Type   Attr      Idx    E Section Name        Object

    0x1fffe000   0x00000100   Data   RW            4    .ARM.__at_0x1FFFE000  start.o
    0x1fffe100   0x0000011d   Data   RW           14    MyData              lab10.o


    Execution Region ER_ZI (Base: 0x1fffe220, Size: 0x00000000, Max: 0xffffffff, ABSOLUTE)

    **** No section assigned to this execution region ****


==============================================================================

Image component sizes


      Code (inc. data)   RO Data    RW Data    ZI Data      Debug   Object Name

      1268        222        288        285          0        736   lab10.o
       276         50         64        256          0        556   start.o

    ----------------------------------------------------------------------
      1544        272        764        544          0       1292   Object Totals
         0          0          0          0          0          0   (incl. Generated)
         0          0        412          3          0          0   (incl. Padding)

    ----------------------------------------------------------------------
         0          0          0          0          0          0   Library Totals
         0          0          0          0          0          0   (incl. Padding)

    ----------------------------------------------------------------------

==============================================================================


      Code (inc. data)   RO Data    RW Data    ZI Data      Debug   

      1544        272        764        544          0       1292   Grand Totals
      1544        272        764        544          0       1292   ELF Image Totals
      1544        272        764        544          0          0   ROM Totals

==============================================================================

    Total RO  Size (Code + RO Data)                 2308 (   2.25kB)
    Total RW  Size (RW Data + ZI Data)               544 (   0.53kB)
    Total ROM Size (Code + RO Data + RW Data)       2852 (   2.79kB)

==============================================================================

